[equiv] 31 spec pairs, 12 parallel, 300s timeout each (2 Verus runs per pair)
[equiv] sft2-2-repair-final-spec RMI_PSMMU_MSI_CONFIG: compile_error
[equiv] sft2-2-repair-final-spec RMI_REALM_DESTROY: incomparable
[equiv] sft2-2-repair-final-spec RMI_DATA_DESTROY: incomparable
[equiv] sft2-2-repair-final-spec RMI_REC_ENTER: stronger
[equiv] sft2-2-repair-final-spec RMI_DATA_CREATE_UNKNOWN: weaker
[equiv] sft2-2-repair-final-spec RMI_RTT_AUX_MAP_PROTECTED: incomparable
[equiv] sft2-2-repair-final-spec PSCI_CPU_OFF: equivalent
[equiv] sft2-2-repair-final-spec RMI_MEC_SET_SHARED: equivalent
[equiv] sft2-2-repair-final-spec RMI_GRANULE_DELEGATE: equivalent
[equiv] sft2-2-repair-final-spec RMI_REC_DESTROY: equivalent
[equiv] sft2-2-repair-final-spec RMI_PDEV_IDE_RESET: equivalent
[equiv] sft2-2-repair-final-spec RMI_PDEV_SET_PUBKEY: equivalent
[equiv] sft2-2-repair-final-spec RMI_DATA_CREATE: equivalent
[equiv] sft2-2-repair-final-spec RMI_RTT_AUX_UNMAP_UNPROTECTED: incomparable
[equiv] sft2-2-repair-final-spec RMI_RTT_MAP_UNPROTECTED: incomparable
[equiv] sft2-2-repair-final-spec RMI_RTT_CREATE: weaker
[equiv] sft2-2-repair-final-spec RMI_VDEV_DESTROY: weaker
[equiv] sft2-2-repair-final-spec RMI_VDEV_P2P_BIND: incomparable
[equiv] sft2-2-repair-final-spec RMI_VDEV_AUX_COUNT: equivalent
[equiv] sft2-2-repair-final-spec RMI_VSMMU_CREATE: stronger
[equiv] sft2-2-repair-final-spec RMI_VSMMU_MAP: weaker
[equiv] sft2-2-repair-final-spec RMI_VDEV_GET_INTERFACE_REPORT: equivalent
[equiv] sft2-2-repair-final-spec RMI_VDEV_LOCK: equivalent
[equiv] sft2-2-repair-final-spec RMI_VDEV_START: equivalent
[equiv] sft2-2-repair-final-spec RMI_VDEV_UNLOCK: equivalent
[equiv] sft2-2-repair-final-spec RSI_MEASUREMENT_READ: compile_error
[equiv] sft2-2-repair-final-spec RSI_REALM_CONFIG: compile_error
[equiv] sft2-2-repair-final-spec RSI_ATTESTATION_TOKEN_CONTINUE: stronger
[equiv] sft2-2-repair-final-spec RSI_IPA_STATE_GET: stronger
[equiv] sft2-2-repair-final-spec RSI_VSMMU_ACTIVATE: incomparable
[equiv] sft2-2-repair-final-spec RSI_VSMMU_GET_INFO: equivalent

=== verdicts by run
  sft2-2-repair-final-spec: equivalent=13  incomparable=7  weaker=4  stronger=4  compile_error=3
     -> 11/31 admit behaviour gold forbids (35%); equivalent 13/31

[equiv] wrote /work/an/equiv-rep.json
