[equiv] 22 spec pairs, 12 parallel, 300s timeout each (2 Verus runs per pair)
[equiv] sft2-2-final-pre-fh RMI_DATA_DESTROY: incomparable
[equiv] sft2-2-final-pre-fh RMI_RTT_AUX_MAP_PROTECTED: incomparable
[equiv] sft2-2-final-pre-fh RMI_DATA_CREATE: stronger
[equiv] sft2-2-final-pre-fh PSCI_CPU_OFF: equivalent
[equiv] sft2-2-final-pre-fh RMI_RTT_SET_S2AP: stronger
[equiv] sft2-2-final-pre-fh RMI_RTT_CREATE: weaker
[equiv] sft2-2-final-pre-fh RMI_GRANULE_DELEGATE: equivalent
[equiv] sft2-2-final-pre-fh RMI_MEC_SET_SHARED: equivalent
[equiv] sft2-2-final-pre-fh RMI_PDEV_IDE_RESET: equivalent
[equiv] sft2-2-final-pre-fh RMI_RTT_MAP_UNPROTECTED: stronger
[equiv] sft2-2-final-pre-fh RMI_PDEV_SET_PUBKEY: equivalent
[equiv] sft2-2-final-pre-fh RMI_DATA_CREATE_UNKNOWN: equivalent
[equiv] sft2-2-final-pre-fh RSI_MEASUREMENT_READ: compile_error
[equiv] sft2-2-final-pre-fh RMI_VDEV_AUX_COUNT: equivalent
[equiv] sft2-2-final-pre-fh RMI_VSMMU_MAP: incomparable
[equiv] sft2-2-final-pre-fh RMI_VDEV_DESTROY: stronger
[equiv] sft2-2-final-pre-fh RMI_VDEV_UNLOCK: stronger
[equiv] sft2-2-final-pre-fh RMI_VDEV_LOCK: equivalent
[equiv] sft2-2-final-pre-fh RMI_VDEV_START: equivalent
[equiv] sft2-2-final-pre-fh RMI_VSMMU_CREATE: stronger
[equiv] sft2-2-final-pre-fh RMI_VDEV_GET_INTERFACE_REPORT: equivalent
[equiv] sft2-2-final-pre-fh RSI_VSMMU_GET_INFO: equivalent

=== verdicts by run
  sft2-2-final-pre-fh: equivalent=11  stronger=6  incomparable=3  weaker=1  compile_error=1
     -> 4/22 admit behaviour gold forbids (18%); equivalent 11/22

[equiv] wrote /work/an/equiv-fh.json
