[equiv] 48 spec pairs, 12 parallel, 300s timeout each (2 Verus runs per pair)
[equiv] sft2-2-final-bok8 RMI_DATA_DESTROY: compile_error
[equiv] sft2-2-final-bok8 RMI_REC_ENTER: compile_error
[equiv] sft2-2-final-bok8 RMI_VDEV_START: equivalent
[equiv] sft2-2-final-bok8 RMI_MEC_SET_SHARED: equivalent
[equiv] sft2-2-final-bok8 PSCI_CPU_OFF: equivalent
[equiv] sft2-2-final-bok8 RMI_GRANULE_DELEGATE: equivalent
[equiv] sft2-2-final-bok8 RMI_VDEV_AUX_COUNT: equivalent
[equiv] sft2-2-final-bok8 RMI_PDEV_IDE_RESET: equivalent
[equiv] sft2-2-final-bok8 RMI_PDEV_SET_PUBKEY: equivalent
[equiv] sft2-2-final-bok8 RMI_VDEV_LOCK: equivalent
[equiv] sft2-2-final-bok8 RMI_VDEV_GET_INTERFACE_REPORT: equivalent
[equiv] sft2-2-final-bok8 RMI_VDEV_UNLOCK: equivalent
[equiv] sft2-2-final-bok8 RSI_MEASUREMENT_READ: compile_error
[equiv] sft2-1-final-bok8 RMI_MEC_SET_SHARED: compile_error
[equiv] sft2-2-final-bok8 RMI_VSMMU_CREATE: compile_error
[equiv] sft2-1-final-bok8 RMI_REC_DESTROY: compile_error
[equiv] sft2-1-final-bok8 RMI_RTT_CREATE: compile_error
[equiv] sft2-2-final-bok8 RMI_VSMMU_MAP: compile_error
[equiv] sft2-1-final-bok8 RMI_RTT_SET_RIPAS: compile_error
[equiv] sft2-1-final-bok8 RMI_DATA_DESTROY: compile_error
[equiv] sft2-2-final-bok8 RSI_VSMMU_GET_INFO: equivalent
[equiv] sft2-1-final-bok8 PSCI_CPU_OFF: equivalent
[equiv] sft2-1-final-bok8 RMI_PDEV_IDE_RESET: equivalent
[equiv] sft2-1-final-bok8 RMI_GRANULE_DELEGATE: equivalent
[equiv] sft2-1-final-bok8 RSI_MEASUREMENT_READ: compile_error
[equiv] sft2-1-final-bok8 RMI_VDEV_AUX_COUNT: equivalent
[equiv] sft2-1-final-bok8 RMI_RTT_SET_S2AP: equivalent
[equiv] sft2-1-final-bok8 RMI_VSMMU_MAP: compile_error
[equiv] sft2-1-final-bok8 RMI_VDEV_GET_INTERFACE_REPORT: equivalent
[equiv] sft2-1-final-bok8 RMI_VSMMU_CREATE: compile_error
[equiv] sft2-1-final-bok8 RMI_VDEV_LOCK: equivalent
[equiv] sft2-0-final-bok8 RMI_DATA_CREATE_UNKNOWN: compile_error
[equiv] sft2-1-final-bok8 RSI_VSMMU_GET_INFO: compile_error
[equiv] sft2-1-final-bok8 RMI_VDEV_START: equivalent
[equiv] sft2-1-final-bok8 RMI_VDEV_UNLOCK: equivalent
[equiv] sft2-0-final-bok8 PSCI_CPU_OFF: equivalent
[equiv] sft2-0-final-bok8 RMI_MEC_SET_SHARED: compile_error
[equiv] sft2-0-final-bok8 RSI_MEASUREMENT_READ: compile_error
[equiv] sft2-0-final-bok8 RMI_DATA_DESTROY: compile_error
[equiv] sft2-0-final-bok8 RMI_GRANULE_DELEGATE: equivalent
[equiv] sft2-0-final-bok8 RMI_VDEV_AUX_COUNT: equivalent
[equiv] sft2-0-final-bok8 RSI_VSMMU_GET_INFO: compile_error
[equiv] sft2-0-final-bok8 RMI_PDEV_IDE_RESET: equivalent
[equiv] sft2-0-final-bok8 RMI_VSMMU_MAP: compile_error
[equiv] sft2-0-final-bok8 RMI_VSMMU_CREATE: compile_error
[equiv] sft2-0-final-bok8 RMI_VDEV_GET_INTERFACE_REPORT: equivalent
[equiv] sft2-0-final-bok8 RMI_VDEV_LOCK: equivalent
[equiv] sft2-0-final-bok8 RMI_VDEV_START: equivalent

=== verdicts by run
  sft2-0-final-bok8: equivalent=7  compile_error=7
     -> 0/14 admit behaviour gold forbids (0%); equivalent 7/14
  sft2-1-final-bok8: equivalent=9  compile_error=9
     -> 0/18 admit behaviour gold forbids (0%); equivalent 9/18
  sft2-2-final-bok8: equivalent=11  compile_error=5
     -> 0/16 admit behaviour gold forbids (0%); equivalent 11/16

[equiv] wrote /work/an/equiv.json
